<html>
<body>
<pre>
<h1>µVision Build Log</h1>
<h2>Tool Versions:</h2>
IDE-Version: µVision V5.25.2.0
Copyright (C) 2018 ARM Ltd and ARM Germany GmbH. All rights reserved.
License Information: fatemeh ASUS, university, LIC=RC9PC-7VY9S-CJC6Z-J5LU4-96MJQ-P7Q05
 
Tool Versions:
Toolchain:       MDK-ARM Plus  Version: 5.25.2.0
Toolchain Path:  C:\Keil_v5\ARM\ARMCC\Bin
C Compiler:      Armcc.exe V5.06 update 6 (build 750)
Assembler:       Armasm.exe V5.06 update 6 (build 750)
Linker/Locator:  ArmLink.exe V5.06 update 6 (build 750)
Library Manager: ArmAr.exe V5.06 update 6 (build 750)
Hex Converter:   FromElf.exe V5.06 update 6 (build 750)
CPU DLL:         SARMCM3.DLL V5.25.2.0
Dialog DLL:      DCM.DLL V1.17.1.0
Target DLL:      UL2CM3.DLL V1.160.12.0
Dialog DLL:      TCM.DLL V1.35.1.0
 
<h2>Project:</h2>
C:\Users\ASUS\Documents\CE\5th Sem\MicroLab\10\keil code\code.uvprojx
Project File Date:  12/26/2021

<h2>Output:</h2>
*** Using Compiler 'V5.06 update 6 (build 750)', folder: 'C:\Keil_v5\ARM\ARMCC\Bin'
Rebuild target 'Target 1'
assembling az10.s...
assembling startup_SAM3N.s...
compiling system_SAM3N.c...
linking...
.\Objects\code.sct(8): warning: L6314W: No section matches pattern *(InRoot$$Sections).
Program Size: Code=556 RO-data=192 RW-data=0 ZI-data=1024  
Finished: 0 information, 1 warning and 0 error messages.
FromELF: creating hex file...
".\Objects\code.axf" - 0 Error(s), 1 Warning(s).

<h2>Software Packages used:</h2>

Package Vendor: ARM
                http://www.keil.com/pack/ARM.CMSIS.5.3.0.pack
                ARM.CMSIS.5.3.0
                CMSIS (Cortex Microcontroller Software Interface Standard)
   * Component: CORE Version: 5.1.1

Package Vendor: Microchip
                http://packs.download.atmel.com/Atmel.SAM3N_DFP.1.0.62.pack
                Atmel.SAM3N_DFP.1.0.62
                Atmel SAM3N Series Device Support
   * Component: Startup Version: 1.0.0

<h2>Collection of Component include folders:</h2>
  .\RTE\_Target_1
  C:\Keil_v5\ARM\PACK\ARM\CMSIS\5.3.0\CMSIS\Include
  C:\Keil_v5\ARM\PACK\Atmel\SAM3N_DFP\1.0.62\include

<h2>Collection of Component Files used:</h2>

   * Component: ARM::CMSIS:CORE:5.1.1

   * Component: Microchip::Device:Startup:1.0.0
      Source file:   templates\main.cpp
      Source file:   armcc\Device\SAM3N\Source\ARM\startup_SAM3N.s
      Include file:  include\sam.h
      Source file:   templates\main.c
      Source file:   armcc\Device\SAM3N\Source\system_SAM3N.c
Build Time Elapsed:  00:00:01
</pre>
</body>
</html>
